<html>
<body>
<pre>
<h1>µVision Build Log</h1>
<h2>Tool Versions:</h2>
IDE-Version: µVision V5.38.0.0
Copyright (C) 2022 ARM Ltd and ARM Germany GmbH. All rights reserved.
License Information: Shrawan Sreekumar, University of Leeds, LIC=----
 
Tool Versions:
Toolchain:       MDK-Lite  Version: 5.38.0.0
Toolchain Path:  C:\DevTools\Keil Studio v5\ARM\ARMCLANG\Bin
C Compiler:      ArmClang.exe V6.19
Assembler:       Armasm.exe V6.19
Linker/Locator:  ArmLink.exe V6.19
Library Manager: ArmAr.exe V6.19
Hex Converter:   FromElf.exe V6.19
CPU DLL:         SARMCM3.DLL V5.38.0.0
Dialog DLL:      DCM.DLL V1.17.5.0
Target DLL:      lmidk-agdi.dll V???
Dialog DLL:      TCM.DLL V1.56.4.0
 
<h2>Project:</h2>
C:\Users\shraw\OneDrive - University of Leeds\ELEC3662\Mini-Project\Mini-Project.uvprojx
Project File Date:  01/08/2023

<h2>Output:</h2>
*** Using Compiler 'V6.19', folder: 'C:\DevTools\Keil Studio v5\ARM\ARMCLANG\Bin'
Rebuild target 'Target 1'
compiling UART.c...
compiling main.c...
compiling Calculator.c...
compiling Keypad.c...
compiling Graphics.c...
compiling LCD.c...
assembling startup_TM4C123.s...
compiling PLL.c...
compiling Password.c...
compiling system_TM4C123.c...
linking...
Program Size: Code=26836 RO-data=1956 RW-data=320 ZI-data=4144  
".\Objects\Mini-Project.axf" - 0 Error(s), 0 Warning(s).

<h2>Software Packages used:</h2>

Package Vendor: ARM
                http://www.keil.com/pack/ARM.CMSIS.5.9.0.pack
                ARM.CMSIS.5.9.0
                CMSIS (Common Microcontroller Software Interface Standard)
   * Component: CORE Version: 5.6.0

Package Vendor: Keil
                http://www.keil.com/pack/Keil.TM4C_DFP.1.1.0.pack
                Keil.TM4C_DFP.1.1.0
                Texas Instruments Tiva C Series Device Support and Examples
   * Component: Startup Version: 1.0.1

<h2>Collection of Component include folders:</h2>
  ./RTE/_Target_1
  C:/DevTools/Keil Studio v5/Packs/ARM/CMSIS/5.9.0/CMSIS/Core/Include
  C:/DevTools/Keil Studio v5/Packs/Keil/TM4C_DFP/1.1.0/Device/Include/TM4C123

<h2>Collection of Component Files used:</h2>

   * Component: ARM::CMSIS:CORE:5.6.0

   * Component: Keil::Device:Startup:1.0.1
      Include file:  Device/Include/TM4C123/TM4C123.h
      Source file:   Device/Source/ARM/startup_TM4C123.s
      Source file:   Device/Source/system_TM4C123.c
Build Time Elapsed:  00:00:25
</pre>
</body>
</html>
