Component: Arm Compiler for Embedded 6.19 Tool: armlink [5e73cb00]

==============================================================================

Section Cross References

    main.o(.text.run) refers to lcd.o(.text.lcdClearScreen) for lcdClearScreen
    main.o(.text.run) refers to calculator.o(.text.calculatorRun) for calculatorRun
    main.o(.text.run) refers to calculator.o(.text.printOutput) for printOutput
    main.o(.text.run) refers to graphics.o(.text.displayTrigSubMenu) for displayTrigSubMenu
    main.o(.text.run) refers to calculator.o(.text.trigRun) for trigRun
    main.o(.text.run) refers to graphics.o(.text.displayError) for displayError
    main.o(.text.run) refers to pll.o(.text.delay_ms) for delay_ms
    main.o(.text.run) refers to calculator.o(.text.shutdown) for shutdown
    main.o(.text.run) refers to calculator.o(.text.calculatorInit) for calculatorInit
    main.o(.text.run) refers to graphics.o(.text.displayMenu) for displayMenu
    main.o(.text.run) refers to password.o(.text.passwordReset) for passwordReset
    main.o(.ARM.exidx.text.run) refers to main.o(.text.run) for [Anonymous Symbol]
    main.o(.text.main) refers to keypad.o(.text.keypadInit) for keypadInit
    main.o(.text.main) refers to lcd.o(.text.lcdInit) for lcdInit
    main.o(.text.main) refers to uart.o(.text.UART_Init) for UART_Init
    main.o(.text.main) refers to password.o(.text.passwordControlInit) for passwordControlInit
    main.o(.text.main) refers to graphics.o(.text.displayWelcome) for displayWelcome
    main.o(.text.main) refers to calculator.o(.text.calculatorInit) for calculatorInit
    main.o(.text.main) refers to graphics.o(.text.displayPassword) for displayPassword
    main.o(.text.main) refers to password.o(.text.promptPassword) for promptPassword
    main.o(.text.main) refers to password.o(.text.verifyPassword) for verifyPassword
    main.o(.text.main) refers to graphics.o(.text.displayPasswordError) for displayPasswordError
    main.o(.text.main) refers to calculator.o(.text.shutdown) for shutdown
    main.o(.text.main) refers to main.o(.text.run) for run
    main.o(.text.main) refers to graphics.o(.text.displayGoodbye) for displayGoodbye
    main.o(.text.main) refers to lcd.o(.text.lcdClearScreen) for lcdClearScreen
    main.o(.ARM.exidx.text.main) refers to main.o(.text.main) for [Anonymous Symbol]
    uart.o(.ARM.exidx.text.UART_Init) refers to uart.o(.text.UART_Init) for [Anonymous Symbol]
    uart.o(.ARM.exidx.text.UART_InChar) refers to uart.o(.text.UART_InChar) for [Anonymous Symbol]
    uart.o(.ARM.exidx.text.UART_OutChar) refers to uart.o(.text.UART_OutChar) for [Anonymous Symbol]
    uart.o(.ARM.exidx.text.fputc) refers to uart.o(.text.fputc) for [Anonymous Symbol]
    uart.o(.ARM.exidx.text.fgetc) refers to uart.o(.text.fgetc) for [Anonymous Symbol]
    uart.o(.ARM.exidx.text.ferror) refers to uart.o(.text.ferror) for [Anonymous Symbol]
    calculator.o(.text.calculatorInit) refers to malloc.o(i.malloc) for malloc
    calculator.o(.text.calculatorInit) refers to calculator.o(.bss.string) for string
    calculator.o(.text.calculatorInit) refers to calculator.o(.bss.cursor_position) for cursor_position
    calculator.o(.text.calculatorInit) refers to calloc.o(.text) for calloc
    calculator.o(.text.calculatorInit) refers to calculator.o(.bss.values) for values
    calculator.o(.text.calculatorInit) refers to calculator.o(.bss.valcount) for valcount
    calculator.o(.text.calculatorInit) refers to calculator.o(.bss.operators) for operators
    calculator.o(.text.calculatorInit) refers to calculator.o(.bss.opcount) for opcount
    calculator.o(.text.calculatorInit) refers to calculator.o(.bss.output) for output
    calculator.o(.ARM.exidx.text.calculatorInit) refers to calculator.o(.text.calculatorInit) for [Anonymous Symbol]
    calculator.o(.text.calculatorRun) refers to lcd.o(.text.lcdCursorControl) for lcdCursorControl
    calculator.o(.text.calculatorRun) refers to malloc.o(i.malloc) for malloc
    calculator.o(.text.calculatorRun) refers to calculator.o(.bss.cursor_position) for cursor_position
    calculator.o(.text.calculatorRun) refers to lcd.o(.bss.lcd_line_toggle) for lcd_line_toggle
    calculator.o(.text.calculatorRun) refers to calculator.o(.text.processInput) for processInput
    calculator.o(.text.calculatorRun) refers to pll.o(.text.delay_ms) for delay_ms
    calculator.o(.text.calculatorRun) refers to keypad.o(.text.readKeypad) for readKeypad
    calculator.o(.text.calculatorRun) refers to lcd.o(.text.lcdNextLine) for lcdNextLine
    calculator.o(.text.calculatorRun) refers to calculator.o(.bss.string) for string
    calculator.o(.text.calculatorRun) refers to malloc.o(i.free) for free
    calculator.o(.text.calculatorRun) refers to lcd.o(.text.lcdClearScreen) for lcdClearScreen
    calculator.o(.text.calculatorRun) refers to calculator.o(.text.parseInput) for parseInput
[...]
    ../clib/microlib/ctype/ctype.c           0x00000000   Number         0  isblank_o.o ABSOLUTE
    ../clib/microlib/ctype/ctype.c           0x00000000   Number         0  iscntrl_o.o ABSOLUTE
    ../clib/microlib/ctype/ctype.c           0x00000000   Number         0  isdigit_o.o ABSOLUTE
    ../clib/microlib/ctype/ctype.c           0x00000000   Number         0  isgraph_o.o ABSOLUTE
    ../clib/microlib/ctype/ctype.c           0x00000000   Number         0  islower_o.o ABSOLUTE
    ../clib/microlib/ctype/ctype.c           0x00000000   Number         0  isprint_o.o ABSOLUTE
    ../clib/microlib/ctype/ctype.c           0x00000000   Number         0  ispunct_o.o ABSOLUTE
    ../clib/microlib/ctype/ctype.c           0x00000000   Number         0  isspace_o.o ABSOLUTE
    ../clib/microlib/ctype/ctype.c           0x00000000   Number         0  isupper_o.o ABSOLUTE
    ../clib/microlib/ctype/ctype.c           0x00000000   Number         0  isxdigit_o.o ABSOLUTE
    ../clib/microlib/ctype/ctype.c           0x00000000   Number         0  isspace_c.o ABSOLUTE
    ../clib/microlib/ctype/ctype.c           0x00000000   Number         0  ctype_c.o ABSOLUTE
    ../clib/microlib/division.c              0x00000000   Number         0  uidiv.o ABSOLUTE
    ../clib/microlib/division.c              0x00000000   Number         0  uldiv.o ABSOLUTE
    ../clib/microlib/errno.c                 0x00000000   Number         0  errno.o ABSOLUTE
    ../clib/microlib/init/entry.s            0x00000000   Number         0  entry.o ABSOLUTE
    ../clib/microlib/init/entry.s            0x00000000   Number         0  entry2.o ABSOLUTE
    ../clib/microlib/init/entry.s            0x00000000   Number         0  entry5.o ABSOLUTE
    ../clib/microlib/init/entry.s            0x00000000   Number         0  entry7a.o ABSOLUTE
    ../clib/microlib/init/entry.s            0x00000000   Number         0  entry7b.o ABSOLUTE
    ../clib/microlib/init/entry.s            0x00000000   Number         0  entry8a.o ABSOLUTE
    ../clib/microlib/init/entry.s            0x00000000   Number         0  entry8b.o ABSOLUTE
    ../clib/microlib/init/entry.s            0x00000000   Number         0  entry9a.o ABSOLUTE
    ../clib/microlib/init/entry.s            0x00000000   Number         0  entry9b.o ABSOLUTE
    ../clib/microlib/init/entry.s            0x00000000   Number         0  entry10a.o ABSOLUTE
    ../clib/microlib/init/entry.s            0x00000000   Number         0  entry10b.o ABSOLUTE
    ../clib/microlib/init/entry.s            0x00000000   Number         0  entry11a.o ABSOLUTE
    ../clib/microlib/init/entry.s            0x00000000   Number         0  entry11b.o ABSOLUTE
    ../clib/microlib/longlong.c              0x00000000   Number         0  llshl.o ABSOLUTE
    ../clib/microlib/longlong.c              0x00000000   Number         0  llushr.o ABSOLUTE
    ../clib/microlib/longlong.c              0x00000000   Number         0  llsshr.o ABSOLUTE
    ../clib/microlib/malloc/calloc.c         0x00000000   Number         0  calloc.o ABSOLUTE
    ../clib/microlib/malloc/malloc.c         0x00000000   Number         0  malloc.o ABSOLUTE
    ../clib/microlib/malloc/malloc.c         0x00000000   Number         0  mallocr.o ABSOLUTE
    ../clib/microlib/malloc/malloc.c         0x00000000   Number         0  malloca.o ABSOLUTE
    ../clib/microlib/malloc/malloc.c         0x00000000   Number         0  mallocra.o ABSOLUTE
    ../clib/microlib/malloc/mvars.c          0x00000000   Number         0  mvars.o ABSOLUTE
    ../clib/microlib/printf/printf.c         0x00000000   Number         0  printfb.o ABSOLUTE
    ../clib/microlib/printf/printf.c         0x00000000   Number         0  printf0.o ABSOLUTE
    ../clib/microlib/printf/printf.c         0x00000000   Number         0  printf1.o ABSOLUTE
    ../clib/microlib/printf/printf.c         0x00000000   Number         0  printf2.o ABSOLUTE
    ../clib/microlib/printf/printf.c         0x00000000   Number         0  printf3.o ABSOLUTE
    ../clib/microlib/printf/printf.c         0x00000000   Number         0  printf4.o ABSOLUTE
    ../clib/microlib/printf/printf.c         0x00000000   Number         0  printf5.o ABSOLUTE
    ../clib/microlib/printf/printf.c         0x00000000   Number         0  printf6.o ABSOLUTE
    ../clib/microlib/printf/printf.c         0x00000000   Number         0  printf7.o ABSOLUTE
    ../clib/microlib/printf/printf.c         0x00000000   Number         0  printf8.o ABSOLUTE
    ../clib/microlib/printf/printf.c         0x00000000   Number         0  printfa.o ABSOLUTE
    ../clib/microlib/printf/stubs.s          0x00000000   Number         0  printfstubs.o ABSOLUTE
    ../clib/microlib/stdio/streams.c         0x00000000   Number         0  stdout.o ABSOLUTE
    ../clib/microlib/string/memcpy.c         0x00000000   Number         0  memcpya.o ABSOLUTE
    ../clib/microlib/string/memcpy.c         0x00000000   Number         0  memcpyb.o ABSOLUTE
    ../clib/microlib/stubs.s                 0x00000000   Number         0  iusefp.o ABSOLUTE
    ../clib/scanf.c                          0x00000000   Number         0  strtol.o ABSOLUTE
    ../clib/scanf.c                          0x00000000   Number         0  _strtoul.o ABSOLUTE
    ../clib/scanf.c                          0x00000000   Number         0  strtof.o ABSOLUTE
    ../clib/scanf.c                          0x00000000   Number         0  _chval.o ABSOLUTE
    ../clib/scanf.c                          0x00000000   Number         0  strtod.o ABSOLUTE
    ../clib/scanf.c                          0x00000000   Number         0  scanf_fp.o ABSOLUTE
    ../clib/scanf.c                          0x00000000   Number         0  _sgetc.o ABSOLUTE
    ../fplib/microlib/d2f.c                  0x00000000   Number         0  d2f.o ABSOLUTE
    ../fplib/microlib/f2d.c                  0x00000000   Number         0  f2d.o ABSOLUTE
    ../fplib/microlib/fpadd.c                0x00000000   Number         0  dadd.o ABSOLUTE
    ../fplib/microlib/fpdiv.c                0x00000000   Number         0  ddiv.o ABSOLUTE
    ../fplib/microlib/fpepilogue.c           0x00000000   Number         0  fepilogue.o ABSOLUTE
    ../fplib/microlib/fpepilogue.c           0x00000000   Number         0  depilogue.o ABSOLUTE
    ../fplib/microlib/fpfix.c                0x00000000   Number         0  dfixul.o ABSOLUTE
    ../fplib/microlib/fpfix.c                0x00000000   Number         0  dfixi.o ABSOLUTE
    ../fplib/microlib/fpflt.c                0x00000000   Number         0  dflti.o ABSOLUTE
    ../fplib/microlib/fpflt.c                0x00000000   Number         0  dfltui.o ABSOLUTE
    ../fplib/microlib/fpflt.c                0x00000000   Number         0  dfltul.o ABSOLUTE
    ../fplib/microlib/fpmul.c                0x00000000   Number         0  dmul.o ABSOLUTE
    ../fplib/microlib/fpneg.c                0x00000000   Number         0  dneg.o ABSOLUTE
    ../fplib/microlib/fpstat.c               0x00000000   Number         0  fpstat.o ABSOLUTE
    ../mathlib/cos.c                         0x00000000   Number         0  cos.o ABSOLUTE
    ../mathlib/cos_i.c                       0x00000000   Number         0  cos_i.o ABSOLUTE
    ../mathlib/cosh.c                        0x00000000   Number         0  cosh.o ABSOLUTE
    ../mathlib/dunder.c                      0x00000000   Number         0  dunder.o ABSOLUTE
    ../mathlib/exp.c                         0x00000000   Number         0  exp.o ABSOLUTE
    ../mathlib/expm1_i.c                     0x00000000   Number         0  expm1_i.o ABSOLUTE
    ../mathlib/fabs.c                        0x00000000   Number         0  fabs.o ABSOLUTE
    ../mathlib/fpclassify.c                  0x00000000   Number         0  fpclassify.o ABSOLUTE
    ../mathlib/fpclassifyf.c                 0x00000000   Number         0  fpclassifyf.o ABSOLUTE
    ../mathlib/funder.c                      0x00000000   Number         0  funder.o ABSOLUTE
    ../mathlib/poly.c                        0x00000000   Number         0  poly.o ABSOLUTE
    ../mathlib/powf.c                        0x00000000   Number         0  powf.o ABSOLUTE
    ../mathlib/rred.c                        0x00000000   Number         0  rred.o ABSOLUTE
    ../mathlib/sin.c                         0x00000000   Number         0  sin.o ABSOLUTE
    ../mathlib/sin_i.c                       0x00000000   Number         0  sin_i.o ABSOLUTE
    ../mathlib/sinh.c                        0x00000000   Number         0  sinh.o ABSOLUTE
    ../mathlib/strtof.c                      0x00000000   Number         0  strtof.o ABSOLUTE
    ../mathlib/tan.c                         0x00000000   Number         0  tan.o ABSOLUTE
    ../mathlib/tan_i.c                       0x00000000   Number         0  tan_i.o ABSOLUTE
    ../mathlib/tanh.c                        0x00000000   Number         0  tanh.o ABSOLUTE
    Calculator.c                             0x00000000   Number         0  calculator.o ABSOLUTE
    Graphics.c                               0x00000000   Number         0  graphics.o ABSOLUTE
    Keypad.c                                 0x00000000   Number         0  keypad.o ABSOLUTE
    LCD.c                                    0x00000000   Number         0  lcd.o ABSOLUTE
    PLL.c                                    0x00000000   Number         0  pll.o ABSOLUTE
    Password.c                               0x00000000   Number         0  password.o ABSOLUTE
    RTE/Device/TM4C123GH6PM/startup_TM4C123.s 0x00000000   Number         0  startup_tm4c123.o ABSOLUTE
    UART.c                                   0x00000000   Number         0  uart.o ABSOLUTE
    cdcmple.s                                0x00000000   Number         0  cdcmple.o ABSOLUTE
    cdrcmple.s                               0x00000000   Number         0  cdrcmple.o ABSOLUTE
    dc.s                                     0x00000000   Number         0  dc.o ABSOLUTE
    handlers.s                               0x00000000   Number         0  handlers.o ABSOLUTE
    init.s                                   0x00000000   Number         0  init.o ABSOLUTE
    main.c                                   0x00000000   Number         0  main.o ABSOLUTE
    system_TM4C123.c                         0x00000000   Number         0  system_tm4c123.o ABSOLUTE
    RESET                                    0x00000000   Section      620  startup_tm4c123.o(RESET)
    .ARM.Collect$$$$00000000                 0x0000026c   Section        0  entry.o(.ARM.Collect$$$$00000000)
    .ARM.Collect$$$$00000001                 0x0000026c   Section        4  entry2.o(.ARM.Collect$$$$00000001)
    .ARM.Collect$$$$00000004                 0x00000270   Section        4  entry5.o(.ARM.Collect$$$$00000004)
    .ARM.Collect$$$$00000008                 0x00000274   Section        0  entry7b.o(.ARM.Collect$$$$00000008)
    .ARM.Collect$$$$0000000A                 0x00000274   Section        0  entry8b.o(.ARM.Collect$$$$0000000A)
    .ARM.Collect$$$$0000000B                 0x00000274   Section        8  entry9a.o(.ARM.Collect$$$$0000000B)
    __lit__00000000                          0x0000027c   Data           4  entry2.o(.ARM.Collect$$$$00002712)
    .ARM.Collect$$$$0000000D                 0x0000027c   Section        0  entry10a.o(.ARM.Collect$$$$0000000D)
    .ARM.Collect$$$$0000000F                 0x0000027c   Section        0  entry11a.o(.ARM.Collect$$$$0000000F)
    .ARM.Collect$$$$00002712                 0x0000027c   Section        4  entry2.o(.ARM.Collect$$$$00002712)
    $v0                                      0x00000280   Number         0  startup_tm4c123.o(.text)
    .text                                    0x00000280   Section      252  startup_tm4c123.o(.text)
    .text                                    0x0000037c   Section        0  ctype_o.o(.text)
    .text                                    0x00000384   Section        0  isspace_o.o(.text)
    .text                                    0x00000396   Section        0  calloc.o(.text)
    .text                                    0x000003b2   Section        0  strtol.o(.text)
    .text                                    0x00000422   Section        0  f2d.o(.text)
    .text                                    0x00000448   Section        0  d2f.o(.text)
    .text                                    0x00000480   Section        0  uidiv.o(.text)
    .text                                    0x000004ac   Section        0  uldiv.o(.text)
    .text                                    0x0000050e   Section        0  _strtoul.o(.text)
    .text                                    0x000005ac   Section        0  strtof.o(.text)
    .text                                    0x000005b4   Section        0  iusefp.o(.text)
    .text                                    0x000005b4   Section        0  fepilogue.o(.text)
    .text                                    0x00000622   Section        0  dadd.o(.text)
    .text                                    0x00000770   Section        0  dmul.o(.text)
    .text                                    0x00000854   Section        0  ddiv.o(.text)
    .text                                    0x00000932   Section        0  dfixul.o(.text)
    .text                                    0x00000964   Section       48  cdrcmple.o(.text)
    .text                                    0x00000994   Section        0  fpstat.o(.text)
    .text                                    0x00000998   Section       36  init.o(.text)
    .text                                    0x000009bc   Section        0  llshl.o(.text)
    .text                                    0x000009da   Section        0  llushr.o(.text)
    .text                                    0x000009fa   Section        0  llsshr.o(.text)
    .text                                    0x00000a1e   Section        0  _chval.o(.text)
    _local_sscanf                            0x00000a3d   Thumb Code    62  strtod.o(.text)
    .text                                    0x00000a3c   Section        0  strtod.o(.text)
    .text                                    0x00000ae4   Section        0  depilogue.o(.text)
    .text                                    0x00000b9e   Section        0  dflti.o(.text)
    .text                                    0x00000bc0   Section        0  dfltui.o(.text)
    .text                                    0x00000bda   Section        0  dfixi.o(.text)
    .text                                    0x00000c18   Section       48  cdcmple.o(.text)
    _fp_value                                0x00000c49   Thumb Code   296  scanf_fp.o(.text)
    .text                                    0x00000c48   Section        0  scanf_fp.o(.text)
    .text                                    0x00000fa8   Section        0  _sgetc.o(.text)
    .text                                    0x00000fe8   Section        0  dfltul.o(.text)
    .text                                    0x00001000   Section        0  __dczerorl2.o(.text)
    [Anonymous Symbol]                       0x00001058   Section        0  pll.o(.text.PLL_Init)
    [Anonymous Symbol]                       0x000010b4   Section        0  lcd.o(.text.SendDisplayByte)
    [Anonymous Symbol]                       0x000010cc   Section        0  lcd.o(.text.SendDisplayNibble)
    [Anonymous Symbol]                       0x00001134   Section        0  pll.o(.text.SysTick_Init)
    [Anonymous Symbol]                       0x00001150   Section        0  system_tm4c123.o(.text.SystemInit)
    [Anonymous Symbol]                       0x000011bc   Section        0  uart.o(.text.UART_Init)
    [Anonymous Symbol]                       0x00001238   Section        0  calculator.o(.text.calculatorInit)
    [Anonymous Symbol]                       0x000012a4   Section        0  calculator.o(.text.calculatorRun)
    [Anonymous Symbol]                       0x0000135c   Section        0  pll.o(.text.delay_ms)
    [Anonymous Symbol]                       0x00001394   Section        0  pll.o(.text.delay_us)
    [Anonymous Symbol]                       0x000013c8   Section        0  graphics.o(.text.displayError)
    [Anonymous Symbol]                       0x00001410   Section        0  graphics.o(.text.displayGoodbye)
    [Anonymous Symbol]                       0x000014e4   Section        0  graphics.o(.text.displayMenu)
    [Anonymous Symbol]                       0x0000176c   Section        0  graphics.o(.text.displayNewPassword)
    [Anonymous Symbol]                       0x000017b8   Section        0  graphics.o(.text.displayPassword)
    [Anonymous Symbol]                       0x000017f4   Section        0  graphics.o(.text.displayPasswordError)
    [Anonymous Symbol]                       0x00001840   Section        0  graphics.o(.text.displayShift)
    [Anonymous Symbol]                       0x00001860   Section        0  graphics.o(.text.displaySuccess)
    [Anonymous Symbol]                       0x000018b4   Section        0  graphics.o(.text.displayTrigSubMenu)
    [Anonymous Symbol]                       0x00001d08   Section        0  graphics.o(.text.displayWelcome)
    [Anonymous Symbol]                       0x00001ddc   Section        0  uart.o(.text.fputc)
    [Anonymous Symbol]                       0x00001e20   Section        0  keypad.o(.text.keypadInit)
    [Anonymous Symbol]                       0x00001ec8   Section        0  lcd.o(.text.lcdClearLast)
    [Anonymous Symbol]                       0x000020ac   Section        0  lcd.o(.text.lcdClearScreen)
    [Anonymous Symbol]                       0x0000215c   Section        0  lcd.o(.text.lcdCursorControl)
    [Anonymous Symbol]                       0x00002214   Section        0  lcd.o(.text.lcdInit)
    [Anonymous Symbol]                       0x000026e0   Section        0  lcd.o(.text.lcdNextLine)
    [Anonymous Symbol]                       0x000027ac   Section        0  lcd.o(.text.lcdWriteAlphaCaps)
    [Anonymous Symbol]                       0x00002880   Section        0  lcd.o(.text.lcdWriteAlphaSmall)
    [Anonymous Symbol]                       0x00002954   Section        0  lcd.o(.text.lcdWriteData)
    [Anonymous Symbol]                       0x00002f7c   Section        0  lcd.o(.text.lcdWriteNumeric)
    [Anonymous Symbol]                       0x00003034   Section        0  lcd.o(.text.lcdWriteSymbol)
    [Anonymous Symbol]                       0x000031e4   Section        0  main.o(.text.main)
    [Anonymous Symbol]                       0x00003234   Section        0  calculator.o(.text.parseDigit)
    [Anonymous Symbol]                       0x00003310   Section        0  calculator.o(.text.parseInput)
    [Anonymous Symbol]                       0x000035b4   Section        0  password.o(.text.passwordControlInit)
    [Anonymous Symbol]                       0x000035dc   Section        0  password.o(.text.passwordReset)
    [Anonymous Symbol]                       0x00003754   Section        0  calculator.o(.text.printOutput)
    [Anonymous Symbol]                       0x000037ac   Section        0  calculator.o(.text.processInput)
    [Anonymous Symbol]                       0x00003984   Section        0  password.o(.text.promptPassword)
    [Anonymous Symbol]                       0x000039f0   Section        0  keypad.o(.text.readKeypad)
    [Anonymous Symbol]                       0x00003b40   Section        0  main.o(.text.run)
    [Anonymous Symbol]                       0x00003ba8   Section        0  calculator.o(.text.shutdown)
    [Anonymous Symbol]                       0x00003be8   Section        0  calculator.o(.text.tokenize)
    [Anonymous Symbol]                       0x00003cdc   Section        0  calculator.o(.text.trigRun)
    [Anonymous Symbol]                       0x00003e18   Section        0  password.o(.text.verifyPassword)
    i.__0printf                              0x00003eec   Section        0  printfa.o(i.__0printf)
    i.__0sprintf                             0x00003f0c   Section        0  printfa.o(i.__0sprintf)
    i.__ARM_fpclassify                       0x00003f34   Section        0  fpclassify.o(i.__ARM_fpclassify)
    i.__ARM_fpclassifyf                      0x00003f64   Section        0  fpclassifyf.o(i.__ARM_fpclassifyf)
    i.__aeabi_errno_addr                     0x00003f8c   Section        0  errno.o(i.__aeabi_errno_addr)
    i.__hardfp_cos                           0x00003f98   Section        0  cos.o(i.__hardfp_cos)
    i.__hardfp_cosh                          0x00004060   Section        0  cosh.o(i.__hardfp_cosh)
    i.__hardfp_exp                           0x000041f8   Section        0  exp.o(i.__hardfp_exp)
    i.__hardfp_powf                          0x00004550   Section        0  powf.o(i.__hardfp_powf)
    i.__hardfp_sin                           0x00004bb8   Section        0  sin.o(i.__hardfp_sin)
    i.__hardfp_sinh                          0x00004c80   Section        0  sinh.o(i.__hardfp_sinh)
    i.__hardfp_strtof                        0x00004e70   Section        0  strtof.o(i.__hardfp_strtof)
    i.__hardfp_tan                           0x00004e90   Section        0  tan.o(i.__hardfp_tan)
    i.__hardfp_tanh                          0x00004f10   Section        0  tanh.o(i.__hardfp_tanh)
    i.__ieee754_rem_pio2                     0x00005070   Section        0  rred.o(i.__ieee754_rem_pio2)
    i.__kernel_cos                           0x000054a8   Section        0  cos_i.o(i.__kernel_cos)
    i.__kernel_poly                          0x00005618   Section        0  poly.o(i.__kernel_poly)
    i.__kernel_sin                           0x00005710   Section        0  sin_i.o(i.__kernel_sin)
    i.__kernel_tan                           0x00005840   Section        0  tan_i.o(i.__kernel_tan)
    i.__mathlib_dbl_infnan                   0x00005b90   Section        0  dunder.o(i.__mathlib_dbl_infnan)
    i.__mathlib_dbl_invalid                  0x00005ba8   Section        0  dunder.o(i.__mathlib_dbl_invalid)
    i.__mathlib_dbl_overflow                 0x00005bc8   Section        0  dunder.o(i.__mathlib_dbl_overflow)
    i.__mathlib_dbl_posinfnan                0x00005be8   Section        0  dunder.o(i.__mathlib_dbl_posinfnan)
    i.__mathlib_dbl_underflow                0x00005c00   Section        0  dunder.o(i.__mathlib_dbl_underflow)
    i.__mathlib_expm1                        0x00005c20   Section        0  expm1_i.o(i.__mathlib_expm1)
    i.__mathlib_flt_divzero                  0x00006114   Section        0  funder.o(i.__mathlib_flt_divzero)
    i.__mathlib_flt_infnan2                  0x00006128   Section        0  funder.o(i.__mathlib_flt_infnan2)
    i.__mathlib_flt_invalid                  0x00006130   Section        0  funder.o(i.__mathlib_flt_invalid)
    i.__mathlib_flt_overflow                 0x00006140   Section        0  funder.o(i.__mathlib_flt_overflow)
    i.__mathlib_flt_underflow                0x00006150   Section        0  funder.o(i.__mathlib_flt_underflow)
    i.__scatterload_copy                     0x00006160   Section       14  handlers.o(i.__scatterload_copy)
    i.__scatterload_null                     0x0000616e   Section        2  handlers.o(i.__scatterload_null)
    i.__scatterload_zeroinit                 0x00006170   Section       14  handlers.o(i.__scatterload_zeroinit)
    i.__set_errno                            0x00006180   Section        0  errno.o(i.__set_errno)
    _fp_digits                               0x0000618d   Thumb Code   366  printfa.o(i._fp_digits)
    i._fp_digits                             0x0000618c   Section        0  printfa.o(i._fp_digits)
    i._is_digit                              0x00006310   Section        0  scanf_fp.o(i._is_digit)
    _printf_core                             0x00006321   Thumb Code  1744  printfa.o(i._printf_core)
    i._printf_core                           0x00006320   Section        0  printfa.o(i._printf_core)
    _printf_post_padding                     0x000069fd   Thumb Code    36  printfa.o(i._printf_post_padding)
    i._printf_post_padding                   0x000069fc   Section        0  printfa.o(i._printf_post_padding)
    _printf_pre_padding                      0x00006a21   Thumb Code    46  printfa.o(i._printf_pre_padding)
    i._printf_pre_padding                    0x00006a20   Section        0  printfa.o(i._printf_pre_padding)
    _sputc                                   0x00006a4f   Thumb Code    10  printfa.o(i._sputc)
    i._sputc                                 0x00006a4e   Section        0  printfa.o(i._sputc)
    i.exp                                    0x00006a58   Section        0  exp.o(i.exp)
    i.fabs                                   0x00006a68   Section        0  fabs.o(i.fabs)
    i.free                                   0x00006a80   Section        0  malloc.o(i.free)
    i.malloc                                 0x00006ad0   Section        0  malloc.o(i.malloc)
    one                                      0x00006b40   Data           8  cosh.o(.constdata)
    .constdata                               0x00006b40   Section        8  cosh.o(.constdata)
    table                                    0x00006b48   Data         128  powf.o(.constdata)
    .constdata                               0x00006b48   Section      320  powf.o(.constdata)
    powersof2to1over16top                    0x00006bc8   Data          64  powf.o(.constdata)
    powersof2to1over16bot                    0x00006c08   Data          64  powf.o(.constdata)
    powersof2to1over16all                    0x00006c48   Data          64  powf.o(.constdata)
    one                                      0x00006c88   Data           8  sinh.o(.constdata)
    .constdata                               0x00006c88   Section        8  sinh.o(.constdata)
    .constdata                               0x00006c90   Section      129  ctype_o.o(.constdata)
    table                                    0x00006d14   Data           4  ctype_o.o(.constdata)
    .constdata                               0x00006d14   Section        4  ctype_o.o(.constdata)
    C                                        0x00006d18   Data          48  cos_i.o(.constdata)
    .constdata                               0x00006d18   Section       48  cos_i.o(.constdata)
    halF                                     0x00006d48   Data          16  exp.o(.constdata)
    .constdata                               0x00006d48   Section       88  exp.o(.constdata)
    ln2HI                                    0x00006d58   Data          16  exp.o(.constdata)
    ln2LO                                    0x00006d68   Data          16  exp.o(.constdata)
    P                                        0x00006d78   Data          40  exp.o(.constdata)
    Q                                        0x00006da0   Data          40  expm1_i.o(.constdata)
    .constdata                               0x00006da0   Section       40  expm1_i.o(.constdata)
    pio2s                                    0x00006dc8   Data          48  rred.o(.constdata)
    .constdata                               0x00006dc8   Section      204  rred.o(.constdata)
    twooverpi                                0x00006df8   Data         156  rred.o(.constdata)
    S                                        0x00006e98   Data          40  sin_i.o(.constdata)
    .constdata                               0x00006e98   Section       40  sin_i.o(.constdata)
    Todd                                     0x00006ec0   Data          48  tan_i.o(.constdata)
    .constdata                               0x00006ec0   Section       96  tan_i.o(.constdata)
    Teven                                    0x00006ef0   Data          48  tan_i.o(.constdata)
    .Lswitch.table.lcdWriteAlphaCaps         0x00006f20   Data         104  lcd.o(.rodata..Lswitch.table.lcdWriteAlphaCaps)
    .Lswitch.table.lcdWriteAlphaSmall        0x00006f88   Data         104  lcd.o(.rodata..Lswitch.table.lcdWriteAlphaSmall)
    .Lswitch.table.lcdWriteAlphaSmall.2      0x00006ff0   Data         104  lcd.o(.rodata..Lswitch.table.lcdWriteAlphaSmall.2)
    .data                                    0x20000000   Section        4  stdout.o(.data)
    .data                                    0x20000004   Section        4  mvars.o(.data)
    .data                                    0x20000008   Section        4  mvars.o(.data)
    _errno                                   0x2000000c   Data           4  errno.o(.data)
    .data                                    0x2000000c   Section        4  errno.o(.data)
    HEAP                                     0x20000170   Section     2048  startup_tm4c123.o(HEAP)
    STACK                                    0x20000970   Section     2048  startup_tm4c123.o(STACK)

    Global Symbols

    Symbol Name                              Value     Ov Type        Size  Object(Section)

    BuildAttributes$$THM_ISAv4$E$P$D$K$B$S$7EM$VFPi3$EXTD16$VFPS$VFMA$PE$A:L22UL41UL21$X:L11$S22US41US21$IEEE1$IW$~IW$USESV6$~STKCKD$USESV7$~SHL$OTIME$ROPI$IEEEX$EBA8$MICROLIB$REQ8$PRES8$EABIv2 0x00000000   Number         0  anon$$obj.o ABSOLUTE
    __Vectors                                0x00000000   Data           4  startup_tm4c123.o(RESET)
    _printf_a                                0x00000000   Number         0  printfstubs.o ABSOLUTE
    _printf_c                                0x00000000   Number         0  printfstubs.o ABSOLUTE
    _printf_charcount                        0x00000000   Number         0  printfstubs.o ABSOLUTE
    _printf_d                                0x00000000   Number         0  printfstubs.o ABSOLUTE
    _printf_e                                0x00000000   Number         0  printfstubs.o ABSOLUTE
    _printf_f                                0x00000000   Number         0  printfstubs.o ABSOLUTE
    _printf_flags                            0x00000000   Number         0  printfstubs.o ABSOLUTE
    _printf_fp_dec                           0x00000000   Number         0  printfstubs.o ABSOLUTE
    _printf_fp_hex                           0x00000000   Number         0  printfstubs.o ABSOLUTE
    _printf_g                                0x00000000   Number         0  printfstubs.o ABSOLUTE
    _printf_i                                0x00000000   Number         0  printfstubs.o ABSOLUTE
    _printf_int_dec                          0x00000000   Number         0  printfstubs.o ABSOLUTE
    _printf_l                                0x00000000   Number         0  printfstubs.o ABSOLUTE
    _printf_lc                               0x00000000   Number         0  printfstubs.o ABSOLUTE
    _printf_ll                               0x00000000   Number         0  printfstubs.o ABSOLUTE
    _printf_lld                              0x00000000   Number         0  printfstubs.o ABSOLUTE
    _printf_lli                              0x00000000   Number         0  printfstubs.o ABSOLUTE
    _printf_llo                              0x00000000   Number         0  printfstubs.o ABSOLUTE
    _printf_llu                              0x00000000   Number         0  printfstubs.o ABSOLUTE
    _printf_llx                              0x00000000   Number         0  printfstubs.o ABSOLUTE
    _printf_longlong_dec                     0x00000000   Number         0  printfstubs.o ABSOLUTE
    _printf_longlong_hex                     0x00000000   Number         0  printfstubs.o ABSOLUTE
    _printf_longlong_oct                     0x00000000   Number         0  printfstubs.o ABSOLUTE
    _printf_ls                               0x00000000   Number         0  printfstubs.o ABSOLUTE
    _printf_mbtowc                           0x00000000   Number         0  printfstubs.o ABSOLUTE
    _printf_n                                0x00000000   Number         0  printfstubs.o ABSOLUTE
    _printf_o                                0x00000000   Number         0  printfstubs.o ABSOLUTE
    _printf_p                                0x00000000   Number         0  printfstubs.o ABSOLUTE
    _printf_percent                          0x00000000   Number         0  printfstubs.o ABSOLUTE
    _printf_pre_padding                      0x00000000   Number         0  printfstubs.o ABSOLUTE
    _printf_return_value                     0x00000000   Number         0  printfstubs.o ABSOLUTE
    _printf_s                                0x00000000   Number         0  printfstubs.o ABSOLUTE
    _printf_sizespec                         0x00000000   Number         0  printfstubs.o ABSOLUTE
    _printf_str                              0x00000000   Number         0  printfstubs.o ABSOLUTE
    _printf_truncate_signed                  0x00000000   Number         0  printfstubs.o ABSOLUTE
    _printf_truncate_unsigned                0x00000000   Number         0  printfstubs.o ABSOLUTE
    _printf_u                                0x00000000   Number         0  printfstubs.o ABSOLUTE
    _printf_wc                               0x00000000   Number         0  printfstubs.o ABSOLUTE
    _printf_wctomb                           0x00000000   Number         0  printfstubs.o ABSOLUTE
    _printf_widthprec                        0x00000000   Number         0  printfstubs.o ABSOLUTE
    _printf_x                                0x00000000   Number         0  printfstubs.o ABSOLUTE
    __cpp_initialize__aeabi_                  - Undefined Weak Reference
    __cxa_finalize                            - Undefined Weak Reference
    _clock_init                               - Undefined Weak Reference
    _microlib_exit                            - Undefined Weak Reference
    __Vectors_End                            0x0000026c   Data           0  startup_tm4c123.o(RESET)
    __Vectors_Size                           0x0000026c   Number         0  startup_tm4c123.o ABSOLUTE
    __main                                   0x0000026d   Thumb Code     0  entry.o(.ARM.Collect$$$$00000000)
    _main_stk                                0x0000026d   Thumb Code     0  entry2.o(.ARM.Collect$$$$00000001)
    _main_scatterload                        0x00000271   Thumb Code     0  entry5.o(.ARM.Collect$$$$00000004)
    __main_after_scatterload                 0x00000275   Thumb Code     0  entry5.o(.ARM.Collect$$$$00000004)
    _main_clock                              0x00000275   Thumb Code     0  entry7b.o(.ARM.Collect$$$$00000008)
    _main_cpp_init                           0x00000275   Thumb Code     0  entry8b.o(.ARM.Collect$$$$0000000A)
    _main_init                               0x00000275   Thumb Code     0  entry9a.o(.ARM.Collect$$$$0000000B)
    __rt_final_cpp                           0x0000027d   Thumb Code     0  entry10a.o(.ARM.Collect$$$$0000000D)
    __rt_final_exit                          0x0000027d   Thumb Code     0  entry11a.o(.ARM.Collect$$$$0000000F)
    Reset_Handler                            0x00000281   Thumb Code     8  startup_tm4c123.o(.text)
    NMI_Handler                              0x00000289   Thumb Code     2  startup_tm4c123.o(.text)
    HardFault_Handler                        0x0000028b   Thumb Code     2  startup_tm4c123.o(.text)
    MemManage_Handler                        0x0000028d   Thumb Code     2  startup_tm4c123.o(.text)
    BusFault_Handler                         0x0000028f   Thumb Code     2  startup_tm4c123.o(.text)
    UsageFault_Handler                       0x00000291   Thumb Code     2  startup_tm4c123.o(.text)
    SVC_Handler                              0x00000293   Thumb Code     2  startup_tm4c123.o(.text)
    DebugMon_Handler                         0x00000295   Thumb Code     2  startup_tm4c123.o(.text)
    PendSV_Handler                           0x00000297   Thumb Code     2  startup_tm4c123.o(.text)
    SysTick_Handler                          0x00000299   Thumb Code     2  startup_tm4c123.o(.text)
    GPIOA_Handler                            0x0000029b   Thumb Code     2  startup_tm4c123.o(.text)
    GPIOB_Handler                            0x0000029d   Thumb Code     2  startup_tm4c123.o(.text)
    GPIOC_Handler                            0x0000029f   Thumb Code     2  startup_tm4c123.o(.text)
    GPIOD_Handler                            0x000002a1   Thumb Code     2  startup_tm4c123.o(.text)
    GPIOE_Handler                            0x000002a3   Thumb Code     2  startup_tm4c123.o(.text)
    UART0_Handler                            0x000002a5   Thumb Code     2  startup_tm4c123.o(.text)
    UART1_Handler                            0x000002a7   Thumb Code     2  startup_tm4c123.o(.text)
    SSI0_Handler                             0x000002a9   Thumb Code     2  startup_tm4c123.o(.text)
    I2C0_Handler                             0x000002ab   Thumb Code     2  startup_tm4c123.o(.text)
    PMW0_FAULT_Handler                       0x000002ad   Thumb Code     2  startup_tm4c123.o(.text)
    PWM0_0_Handler                           0x000002af   Thumb Code     2  startup_tm4c123.o(.text)
    PWM0_1_Handler                           0x000002b1   Thumb Code     2  startup_tm4c123.o(.text)
    PWM0_2_Handler                           0x000002b3   Thumb Code     2  startup_tm4c123.o(.text)
    QEI0_Handler                             0x000002b5   Thumb Code     2  startup_tm4c123.o(.text)
    ADC0SS0_Handler                          0x000002b7   Thumb Code     2  startup_tm4c123.o(.text)
    ADC0SS1_Handler                          0x000002b9   Thumb Code     2  startup_tm4c123.o(.text)
    ADC0SS2_Handler                          0x000002bb   Thumb Code     2  startup_tm4c123.o(.text)
    ADC0SS3_Handler                          0x000002bd   Thumb Code     2  startup_tm4c123.o(.text)
    WDT0_Handler                             0x000002bf   Thumb Code     2  startup_tm4c123.o(.text)
    TIMER0A_Handler                          0x000002c1   Thumb Code     2  startup_tm4c123.o(.text)
    TIMER0B_Handler                          0x000002c3   Thumb Code     2  startup_tm4c123.o(.text)
    TIMER1A_Handler                          0x000002c5   Thumb Code     2  startup_tm4c123.o(.text)
    TIMER1B_Handler                          0x000002c7   Thumb Code     2  startup_tm4c123.o(.text)
    TIMER2A_Handler                          0x000002c9   Thumb Code     2  startup_tm4c123.o(.text)
    TIMER2B_Handler                          0x000002cb   Thumb Code     2  startup_tm4c123.o(.text)
    COMP0_Handler                            0x000002cd   Thumb Code     2  startup_tm4c123.o(.text)
    COMP1_Handler                            0x000002cf   Thumb Code     2  startup_tm4c123.o(.text)
    COMP2_Handler                            0x000002d1   Thumb Code     2  startup_tm4c123.o(.text)
    SYSCTL_Handler                           0x000002d3   Thumb Code     2  startup_tm4c123.o(.text)
    FLASH_Handler                            0x000002d5   Thumb Code     2  startup_tm4c123.o(.text)
    GPIOF_Handler                            0x000002d7   Thumb Code     2  startup_tm4c123.o(.text)
    GPIOG_Handler                            0x000002d9   Thumb Code     2  startup_tm4c123.o(.text)
    GPIOH_Handler                            0x000002db   Thumb Code     2  startup_tm4c123.o(.text)
    UART2_Handler                            0x000002dd   Thumb Code     2  startup_tm4c123.o(.text)
    SSI1_Handler                             0x000002df   Thumb Code     2  startup_tm4c123.o(.text)
    TIMER3A_Handler                          0x000002e1   Thumb Code     2  startup_tm4c123.o(.text)
    TIMER3B_Handler                          0x000002e3   Thumb Code     2  startup_tm4c123.o(.text)
    I2C1_Handler                             0x000002e5   Thumb Code     2  startup_tm4c123.o(.text)
    QEI1_Handler                             0x000002e7   Thumb Code     2  startup_tm4c123.o(.text)
    CAN0_Handler                             0x000002e9   Thumb Code     2  startup_tm4c123.o(.text)
    CAN1_Handler                             0x000002eb   Thumb Code     2  startup_tm4c123.o(.text)
    CAN2_Handler                             0x000002ed   Thumb Code     2  startup_tm4c123.o(.text)
    HIB_Handler                              0x000002ef   Thumb Code     2  startup_tm4c123.o(.text)
    USB0_Handler                             0x000002f1   Thumb Code     2  startup_tm4c123.o(.text)
    PWM0_3_Handler                           0x000002f3   Thumb Code     2  startup_tm4c123.o(.text)
    UDMA_Handler                             0x000002f5   Thumb Code     2  startup_tm4c123.o(.text)
    UDMAERR_Handler                          0x000002f7   Thumb Code     2  startup_tm4c123.o(.text)
    ADC1SS0_Handler                          0x000002f9   Thumb Code     2  startup_tm4c123.o(.text)
    ADC1SS1_Handler                          0x000002fb   Thumb Code     2  startup_tm4c123.o(.text)
    ADC1SS2_Handler                          0x000002fd   Thumb Code     2  startup_tm4c123.o(.text)
    ADC1SS3_Handler                          0x000002ff   Thumb Code     2  startup_tm4c123.o(.text)
    GPIOJ_Handler                            0x00000301   Thumb Code     2  startup_tm4c123.o(.text)
    GPIOK_Handler                            0x00000303   Thumb Code     2  startup_tm4c123.o(.text)
    GPIOL_Handler                            0x00000305   Thumb Code     2  startup_tm4c123.o(.text)
    SSI2_Handler                             0x00000307   Thumb Code     2  startup_tm4c123.o(.text)
    SSI3_Handler                             0x00000309   Thumb Code     2  startup_tm4c123.o(.text)
    UART3_Handler                            0x0000030b   Thumb Code     2  startup_tm4c123.o(.text)
    UART4_Handler                            0x0000030d   Thumb Code     2  startup_tm4c123.o(.text)
    UART5_Handler                            0x0000030f   Thumb Code     2  startup_tm4c123.o(.text)
    UART6_Handler                            0x00000311   Thumb Code     2  startup_tm4c123.o(.text)
    UART7_Handler                            0x00000313   Thumb Code     2  startup_tm4c123.o(.text)
    I2C2_Handler                             0x00000315   Thumb Code     2  startup_tm4c123.o(.text)
    I2C3_Handler                             0x00000317   Thumb Code     2  startup_tm4c123.o(.text)
    TIMER4A_Handler                          0x00000319   Thumb Code     2  startup_tm4c123.o(.text)
    TIMER4B_Handler                          0x0000031b   Thumb Code     2  startup_tm4c123.o(.text)
    TIMER5A_Handler                          0x0000031d   Thumb Code     2  startup_tm4c123.o(.text)
    TIMER5B_Handler                          0x0000031f   Thumb Code     2  startup_tm4c123.o(.text)
    WTIMER0A_Handler                         0x00000321   Thumb Code     2  startup_tm4c123.o(.text)
    WTIMER0B_Handler                         0x00000323   Thumb Code     2  startup_tm4c123.o(.text)
    WTIMER1A_Handler                         0x00000325   Thumb Code     2  startup_tm4c123.o(.text)
    WTIMER1B_Handler                         0x00000327   Thumb Code     2  startup_tm4c123.o(.text)
    WTIMER2A_Handler                         0x00000329   Thumb Code     2  startup_tm4c123.o(.text)
    WTIMER2B_Handler                         0x0000032b   Thumb Code     2  startup_tm4c123.o(.text)
    WTIMER3A_Handler                         0x0000032d   Thumb Code     2  startup_tm4c123.o(.text)
    WTIMER3B_Handler                         0x0000032f   Thumb Code     2  startup_tm4c123.o(.text)
    WTIMER4A_Handler                         0x00000331   Thumb Code     2  startup_tm4c123.o(.text)
    WTIMER4B_Handler                         0x00000333   Thumb Code     2  startup_tm4c123.o(.text)
    WTIMER5A_Handler                         0x00000335   Thumb Code     2  startup_tm4c123.o(.text)
    WTIMER5B_Handler                         0x00000337   Thumb Code     2  startup_tm4c123.o(.text)
    FPU_Handler                              0x00000339   Thumb Code     2  startup_tm4c123.o(.text)
    I2C4_Handler                             0x0000033b   Thumb Code     2  startup_tm4c123.o(.text)
    I2C5_Handler                             0x0000033d   Thumb Code     2  startup_tm4c123.o(.text)
    GPIOM_Handler                            0x0000033f   Thumb Code     2  startup_tm4c123.o(.text)
    GPION_Handler                            0x00000341   Thumb Code     2  startup_tm4c123.o(.text)
    QEI2_Handler                             0x00000343   Thumb Code     2  startup_tm4c123.o(.text)
    GPIOP0_Handler                           0x00000345   Thumb Code     2  startup_tm4c123.o(.text)
    GPIOP1_Handler                           0x00000347   Thumb Code     2  startup_tm4c123.o(.text)
    GPIOP2_Handler                           0x00000349   Thumb Code     2  startup_tm4c123.o(.text)
    GPIOP3_Handler                           0x0000034b   Thumb Code     2  startup_tm4c123.o(.text)
    GPIOP4_Handler                           0x0000034d   Thumb Code     2  startup_tm4c123.o(.text)
    GPIOP5_Handler                           0x0000034f   Thumb Code     2  startup_tm4c123.o(.text)
    GPIOP6_Handler                           0x00000351   Thumb Code     2  startup_tm4c123.o(.text)
    GPIOP7_Handler                           0x00000353   Thumb Code     2  startup_tm4c123.o(.text)
    GPIOQ0_Handler                           0x00000355   Thumb Code     2  startup_tm4c123.o(.text)
    GPIOQ1_Handler                           0x00000357   Thumb Code     2  startup_tm4c123.o(.text)
    GPIOQ2_Handler                           0x00000359   Thumb Code     2  startup_tm4c123.o(.text)
    GPIOQ3_Handler                           0x0000035b   Thumb Code     2  startup_tm4c123.o(.text)
    GPIOQ4_Handler                           0x0000035d   Thumb Code     2  startup_tm4c123.o(.text)
    GPIOQ5_Handler                           0x0000035f   Thumb Code     2  startup_tm4c123.o(.text)
    GPIOQ6_Handler                           0x00000361   Thumb Code     2  startup_tm4c123.o(.text)
    GPIOQ7_Handler                           0x00000363   Thumb Code     2  startup_tm4c123.o(.text)
    GPIOR_Handler                            0x00000365   Thumb Code     2  startup_tm4c123.o(.text)
    GPIOS_Handler                            0x00000367   Thumb Code     2  startup_tm4c123.o(.text)
    PMW1_0_Handler                           0x00000369   Thumb Code     2  startup_tm4c123.o(.text)
    PWM1_1_Handler                           0x0000036b   Thumb Code     2  startup_tm4c123.o(.text)
    PWM1_2_Handler                           0x0000036d   Thumb Code     2  startup_tm4c123.o(.text)
    PWM1_3_Handler                           0x0000036f   Thumb Code     2  startup_tm4c123.o(.text)
    PWM1_FAULT_Handler                       0x00000371   Thumb Code     2  startup_tm4c123.o(.text)
    __rt_ctype_table                         0x0000037d   Thumb Code     4  ctype_o.o(.text)
    isspace                                  0x00000385   Thumb Code    18  isspace_o.o(.text)
    calloc                                   0x00000397   Thumb Code    28  calloc.o(.text)
    strtol                                   0x000003b3   Thumb Code   112  strtol.o(.text)
    __aeabi_f2d                              0x00000423   Thumb Code    38  f2d.o(.text)
    __aeabi_d2f                              0x00000449   Thumb Code    56  d2f.o(.text)
    __aeabi_uidiv                            0x00000481   Thumb Code     0  uidiv.o(.text)
    __aeabi_uidivmod                         0x00000481   Thumb Code    44  uidiv.o(.text)
    __aeabi_uldivmod                         0x000004ad   Thumb Code    98  uldiv.o(.text)
    _strtoul                                 0x0000050f   Thumb Code   158  _strtoul.o(.text)
    __strtof_int                             0x000005ad   Thumb Code     8  strtof.o(.text)
    __I$use$fp                               0x000005b5   Thumb Code     0  iusefp.o(.text)
    _float_round                             0x000005b5   Thumb Code    18  fepilogue.o(.text)
    _float_epilogue                          0x000005c7   Thumb Code    92  fepilogue.o(.text)
    __aeabi_dadd                             0x00000623   Thumb Code   322  dadd.o(.text)
    __aeabi_dsub                             0x00000765   Thumb Code     6  dadd.o(.text)
    __aeabi_drsub                            0x0000076b   Thumb Code     6  dadd.o(.text)
    __aeabi_dmul                             0x00000771   Thumb Code   228  dmul.o(.text)
    __aeabi_ddiv                             0x00000855   Thumb Code   222  ddiv.o(.text)
    __aeabi_d2ulz                            0x00000933   Thumb Code    48  dfixul.o(.text)
    __aeabi_cdrcmple                         0x00000965   Thumb Code    48  cdrcmple.o(.text)
    __fp_status                              0x00000995   Thumb Code     4  fpstat.o(.text)
    __ieee_status                            0x00000995   Thumb Code     0  fpstat.o(.text)
    __scatterload                            0x00000999   Thumb Code    28  init.o(.text)
    __scatterload_rt2                        0x00000999   Thumb Code     0  init.o(.text)
    __aeabi_llsl                             0x000009bd   Thumb Code    30  llshl.o(.text)
    _ll_shift_l                              0x000009bd   Thumb Code     0  llshl.o(.text)
    __aeabi_llsr                             0x000009db   Thumb Code    32  llushr.o(.text)
    _ll_ushift_r                             0x000009db   Thumb Code     0  llushr.o(.text)
    __aeabi_lasr                             0x000009fb   Thumb Code    36  llsshr.o(.text)
    _ll_sshift_r                             0x000009fb   Thumb Code     0  llsshr.o(.text)
    _chval                                   0x00000a1f   Thumb Code    28  _chval.o(.text)
    __strtod_int                             0x00000a7b   Thumb Code    94  strtod.o(.text)
    _double_round                            0x00000ae5   Thumb Code    30  depilogue.o(.text)
    _double_epilogue                         0x00000b03   Thumb Code   156  depilogue.o(.text)
    __aeabi_i2d                              0x00000b9f   Thumb Code    34  dflti.o(.text)
    __aeabi_ui2d                             0x00000bc1   Thumb Code    26  dfltui.o(.text)
    __aeabi_d2iz                             0x00000bdb   Thumb Code    62  dfixi.o(.text)
    __aeabi_cdcmpeq                          0x00000c19   Thumb Code     0  cdcmple.o(.text)
    __aeabi_cdcmple                          0x00000c19   Thumb Code    48  cdcmple.o(.text)
    _scanf_real                              0x00000d71   Thumb Code     0  scanf_fp.o(.text)
    _scanf_really_real                       0x00000d71   Thumb Code   556  scanf_fp.o(.text)
    _sgetc                                   0x00000fa9   Thumb Code    30  _sgetc.o(.text)
    _sbackspace                              0x00000fc7   Thumb Code    34  _sgetc.o(.text)
    __aeabi_ul2d                             0x00000fe9   Thumb Code    24  dfltul.o(.text)
    __decompress                             0x00001001   Thumb Code     0  __dczerorl2.o(.text)
    __decompress1                            0x00001001   Thumb Code    86  __dczerorl2.o(.text)
    PLL_Init                                 0x00001059   Thumb Code    90  pll.o(.text.PLL_Init)
    SendDisplayByte                          0x000010b5   Thumb Code    22  lcd.o(.text.SendDisplayByte)
    SendDisplayNibble                        0x000010cd   Thumb Code   104  lcd.o(.text.SendDisplayNibble)
    SysTick_Init                             0x00001135   Thumb Code    26  pll.o(.text.SysTick_Init)
    SystemInit                               0x00001151   Thumb Code   108  system_tm4c123.o(.text.SystemInit)
    UART_Init                                0x000011bd   Thumb Code   122  uart.o(.text.UART_Init)
    calculatorInit                           0x00001239   Thumb Code   108  calculator.o(.text.calculatorInit)
    calculatorRun                            0x000012a5   Thumb Code   182  calculator.o(.text.calculatorRun)
    delay_ms                                 0x0000135d   Thumb Code    54  pll.o(.text.delay_ms)
    delay_us                                 0x00001395   Thumb Code    50  pll.o(.text.delay_us)
    displayError                             0x000013c9   Thumb Code    70  graphics.o(.text.displayError)
    displayGoodbye                           0x00001411   Thumb Code   212  graphics.o(.text.displayGoodbye)
    displayMenu                              0x000014e5   Thumb Code   648  graphics.o(.text.displayMenu)
    displayNewPassword                       0x0000176d   Thumb Code    76  graphics.o(.text.displayNewPassword)
    displayPassword                          0x000017b9   Thumb Code    60  graphics.o(.text.displayPassword)
    displayPasswordError                     0x000017f5   Thumb Code    76  graphics.o(.text.displayPasswordError)
    displayShift                             0x00001841   Thumb Code    32  graphics.o(.text.displayShift)
    displaySuccess                           0x00001861   Thumb Code    82  graphics.o(.text.displaySuccess)
    displayTrigSubMenu                       0x000018b5   Thumb Code  1108  graphics.o(.text.displayTrigSubMenu)
    displayWelcome                           0x00001d09   Thumb Code   212  graphics.o(.text.displayWelcome)
    fputc                                    0x00001ddd   Thumb Code    68  uart.o(.text.fputc)
    keypadInit                               0x00001e21   Thumb Code   166  keypad.o(.text.keypadInit)
    lcdClearLast                             0x00001ec9   Thumb Code   482  lcd.o(.text.lcdClearLast)
    lcdClearScreen                           0x000020ad   Thumb Code   176  lcd.o(.text.lcdClearScreen)
    lcdCursorControl                         0x0000215d   Thumb Code   184  lcd.o(.text.lcdCursorControl)
    lcdInit                                  0x00002215   Thumb Code  1228  lcd.o(.text.lcdInit)
    lcdNextLine                              0x000026e1   Thumb Code   204  lcd.o(.text.lcdNextLine)
    lcdWriteAlphaCaps                        0x000027ad   Thumb Code   210  lcd.o(.text.lcdWriteAlphaCaps)
    lcdWriteAlphaSmall                       0x00002881   Thumb Code   210  lcd.o(.text.lcdWriteAlphaSmall)
    lcdWriteData                             0x00002955   Thumb Code  1576  lcd.o(.text.lcdWriteData)
    lcdWriteNumeric                          0x00002f7d   Thumb Code   182  lcd.o(.text.lcdWriteNumeric)
    lcdWriteSymbol                           0x00003035   Thumb Code   430  lcd.o(.text.lcdWriteSymbol)
    main                                     0x000031e5   Thumb Code    80  main.o(.text.main)
    parseDigit                               0x00003235   Thumb Code   220  calculator.o(.text.parseDigit)
    parseInput                               0x00003311   Thumb Code   636  calculator.o(.text.parseInput)
    passwordControlInit                      0x000035b5   Thumb Code    38  password.o(.text.passwordControlInit)
    passwordReset                            0x000035dd   Thumb Code   376  password.o(.text.passwordReset)
    printOutput                              0x00003755   Thumb Code    80  calculator.o(.text.printOutput)
    processInput                             0x000037ad   Thumb Code   472  calculator.o(.text.processInput)
    promptPassword                           0x00003985   Thumb Code   106  password.o(.text.promptPassword)
    readKeypad                               0x000039f1   Thumb Code   336  keypad.o(.text.readKeypad)
    run                                      0x00003b41   Thumb Code   102  main.o(.text.run)
    shutdown                                 0x00003ba9   Thumb Code    62  calculator.o(.text.shutdown)
    tokenize                                 0x00003be9   Thumb Code   244  calculator.o(.text.tokenize)
    trigRun                                  0x00003cdd   Thumb Code   316  calculator.o(.text.trigRun)
    verifyPassword                           0x00003e19   Thumb Code   180  password.o(.text.verifyPassword)
    __0printf                                0x00003eed   Thumb Code    22  printfa.o(i.__0printf)
    __1printf                                0x00003eed   Thumb Code     0  printfa.o(i.__0printf)
    __2printf                                0x00003eed   Thumb Code     0  printfa.o(i.__0printf)
    __c89printf                              0x00003eed   Thumb Code     0  printfa.o(i.__0printf)
    printf                                   0x00003eed   Thumb Code     0  printfa.o(i.__0printf)
    __0sprintf                               0x00003f0d   Thumb Code    34  printfa.o(i.__0sprintf)
    __1sprintf                               0x00003f0d   Thumb Code     0  printfa.o(i.__0sprintf)
    __2sprintf                               0x00003f0d   Thumb Code     0  printfa.o(i.__0sprintf)
    __c89sprintf                             0x00003f0d   Thumb Code     0  printfa.o(i.__0sprintf)
    sprintf                                  0x00003f0d   Thumb Code     0  printfa.o(i.__0sprintf)
    __ARM_fpclassify                         0x00003f35   Thumb Code    48  fpclassify.o(i.__ARM_fpclassify)
    __ARM_fpclassifyf                        0x00003f65   Thumb Code    38  fpclassifyf.o(i.__ARM_fpclassifyf)
    __aeabi_errno_addr                       0x00003f8d   Thumb Code     4  errno.o(i.__aeabi_errno_addr)
    __rt_errno_addr                          0x00003f8d   Thumb Code     0  errno.o(i.__aeabi_errno_addr)
    __hardfp_cos                             0x00003f99   Thumb Code   180  cos.o(i.__hardfp_cos)
    __hardfp_cosh                            0x00004061   Thumb Code   358  cosh.o(i.__hardfp_cosh)
    __hardfp_exp                             0x000041f9   Thumb Code   714  exp.o(i.__hardfp_exp)
    __hardfp_powf                            0x00004551   Thumb Code  1606  powf.o(i.__hardfp_powf)
    __mathlib_powf                           0x00004551   Thumb Code     0  powf.o(i.__hardfp_powf)
    __hardfp_sin                             0x00004bb9   Thumb Code   180  sin.o(i.__hardfp_sin)
    __hardfp_sinh                            0x00004c81   Thumb Code   426  sinh.o(i.__hardfp_sinh)
    __hardfp_strtof                          0x00004e71   Thumb Code    26  strtof.o(i.__hardfp_strtof)
    __hardfp_tan                             0x00004e91   Thumb Code   108  tan.o(i.__hardfp_tan)
    __hardfp_tanh                            0x00004f11   Thumb Code   306  tanh.o(i.__hardfp_tanh)
    __ieee754_rem_pio2                       0x00005071   Thumb Code   938  rred.o(i.__ieee754_rem_pio2)
    __kernel_cos                             0x000054a9   Thumb Code   322  cos_i.o(i.__kernel_cos)
    __kernel_poly                            0x00005619   Thumb Code   248  poly.o(i.__kernel_poly)
    __kernel_sin                             0x00005711   Thumb Code   280  sin_i.o(i.__kernel_sin)
    __kernel_tan                             0x00005841   Thumb Code   764  tan_i.o(i.__kernel_tan)
    __mathlib_dbl_infnan                     0x00005b91   Thumb Code    20  dunder.o(i.__mathlib_dbl_infnan)
    __mathlib_dbl_invalid                    0x00005ba9   Thumb Code    24  dunder.o(i.__mathlib_dbl_invalid)
    __mathlib_dbl_overflow                   0x00005bc9   Thumb Code    24  dunder.o(i.__mathlib_dbl_overflow)
    __mathlib_dbl_posinfnan                  0x00005be9   Thumb Code    20  dunder.o(i.__mathlib_dbl_posinfnan)
    __mathlib_dbl_underflow                  0x00005c01   Thumb Code    24  dunder.o(i.__mathlib_dbl_underflow)
    __mathlib_expm1                          0x00005c21   Thumb Code  1268  expm1_i.o(i.__mathlib_expm1)
    __mathlib_flt_divzero                    0x00006115   Thumb Code    14  funder.o(i.__mathlib_flt_divzero)
    __mathlib_flt_infnan2                    0x00006129   Thumb Code     6  funder.o(i.__mathlib_flt_infnan2)
    __mathlib_flt_invalid                    0x00006131   Thumb Code    10  funder.o(i.__mathlib_flt_invalid)
    __mathlib_flt_overflow                   0x00006141   Thumb Code    10  funder.o(i.__mathlib_flt_overflow)
    __mathlib_flt_underflow                  0x00006151   Thumb Code    10  funder.o(i.__mathlib_flt_underflow)
    __scatterload_copy                       0x00006161   Thumb Code    14  handlers.o(i.__scatterload_copy)
    __scatterload_null                       0x0000616f   Thumb Code     2  handlers.o(i.__scatterload_null)
    __scatterload_zeroinit                   0x00006171   Thumb Code    14  handlers.o(i.__scatterload_zeroinit)
    __set_errno                              0x00006181   Thumb Code     6  errno.o(i.__set_errno)
    _is_digit                                0x00006311   Thumb Code    14  scanf_fp.o(i._is_digit)
    exp                                      0x00006a59   Thumb Code    16  exp.o(i.exp)
    fabs                                     0x00006a69   Thumb Code    24  fabs.o(i.fabs)
    free                                     0x00006a81   Thumb Code    76  malloc.o(i.free)
    malloc                                   0x00006ad1   Thumb Code    92  malloc.o(i.malloc)
    __ctype_table                            0x00006c90   Data         129  ctype_o.o(.constdata)
    Region$$Table$$Base                      0x00007058   Number         0  anon$$obj.o(Region$$Table)
    Region$$Table$$Limit                     0x00007078   Number         0  anon$$obj.o(Region$$Table)
    __stdout                                 0x20000000   Data           4  stdout.o(.data)
    __microlib_freelist                      0x20000004   Data           4  mvars.o(.data)
    __microlib_freelist_initialised          0x20000008   Data           4  mvars.o(.data)
    errorString                              0x20000010   Data          17  graphics.o(.data.errorString)
    goodbyeString                            0x20000021   Data          17  graphics.o(.data.goodbyeString)
    menu1                                    0x20000032   Data          17  graphics.o(.data.menu1)
    menu2                                    0x20000043   Data          17  graphics.o(.data.menu2)
    menu3                                    0x20000054   Data          17  graphics.o(.data.menu3)
    menu4                                    0x20000065   Data          17  graphics.o(.data.menu4)
    passwordError                            0x20000076   Data          17  graphics.o(.data.passwordError)
    passwordNew                              0x20000087   Data          17  graphics.o(.data.passwordNew)
    passwordString                           0x20000098   Data           8  graphics.o(.data.passwordString)
    successString                            0x200000a0   Data          17  graphics.o(.data.successString)
    symbols                                  0x200000b1   Data           7  calculator.o(.data.symbols)
    trigmenu1                                0x200000b8   Data          17  graphics.o(.data.trigmenu1)
    trigmenu2                                0x200000c9   Data          17  graphics.o(.data.trigmenu2)
    trigmenu3                                0x200000da   Data          17  graphics.o(.data.trigmenu3)
    trigmenu4                                0x200000eb   Data          17  graphics.o(.data.trigmenu4)
    trigmenu5                                0x200000fc   Data          17  graphics.o(.data.trigmenu5)
    trigmenu6                                0x2000010d   Data          17  graphics.o(.data.trigmenu6)
    trigmenu7                                0x2000011e   Data          17  graphics.o(.data.trigmenu7)
    welcomeString                            0x2000012f   Data          17  graphics.o(.data.welcomeString)
    access_key                               0x20000140   Data           2  password.o(.bss.access_key)
    cursor_position                          0x20000144   Data           4  calculator.o(.bss.cursor_position)
    lcd_line_toggle                          0x20000148   Data           4  lcd.o(.bss.lcd_line_toggle)
    opcount                                  0x2000014c   Data           4  calculator.o(.bss.opcount)
    operators                                0x20000150   Data           4  calculator.o(.bss.operators)
    output                                   0x20000154   Data           4  calculator.o(.bss.output)
    shift_toggle                             0x20000158   Data           4  lcd.o(.bss.shift_toggle)
    string                                   0x2000015c   Data           4  calculator.o(.bss.string)
    this                                     0x20000160   Data           4  keypad.o(.bss.this)
    valcount                                 0x20000164   Data           4  calculator.o(.bss.valcount)
    values                                   0x20000168   Data           4  calculator.o(.bss.values)
    __heap_base                              0x20000170   Data           0  startup_tm4c123.o(HEAP)
    __heap_limit                             0x20000970   Data           0  startup_tm4c123.o(HEAP)
    __initial_sp                             0x20001170   Data           0  startup_tm4c123.o(STACK)



==============================================================================

Memory Map of the image

  Image Entry point : 0x00000281

  Load Region LR_1 (Base: 0x00000000, Size: 0x000071b8, Max: 0xffffffff, ABSOLUTE, COMPRESSED[0x00007128])

    Execution Region ER_RO (Exec base: 0x00000000, Load base: 0x00000000, Size: 0x00007078, Max: 0xffffffff, ABSOLUTE)

    Exec Addr    Load Addr    Size         Type   Attr      Idx    E Section Name        Object

    0x00000000   0x00000000   0x0000026c   Data   RO          230    RESET               startup_tm4c123.o
    0x0000026c   0x0000026c   0x00000000   Code   RO          302  * .ARM.Collect$$$$00000000  mc_w.l(entry.o)
    0x0000026c   0x0000026c   0x00000004   Code   RO          692    .ARM.Collect$$$$00000001  mc_w.l(entry2.o)
    0x00000270   0x00000270   0x00000004   Code   RO          695    .ARM.Collect$$$$00000004  mc_w.l(entry5.o)
    0x00000274   0x00000274   0x00000000   Code   RO          697    .ARM.Collect$$$$00000008  mc_w.l(entry7b.o)
    0x00000274   0x00000274   0x00000000   Code   RO          699    .ARM.Collect$$$$0000000A  mc_w.l(entry8b.o)
    0x00000274   0x00000274   0x00000008   Code   RO          700    .ARM.Collect$$$$0000000B  mc_w.l(entry9a.o)
    0x0000027c   0x0000027c   0x00000000   Code   RO          702    .ARM.Collect$$$$0000000D  mc_w.l(entry10a.o)
    0x0000027c   0x0000027c   0x00000000   Code   RO          704    .ARM.Collect$$$$0000000F  mc_w.l(entry11a.o)
    0x0000027c   0x0000027c   0x00000004   Code   RO          693    .ARM.Collect$$$$00002712  mc_w.l(entry2.o)
    0x00000280   0x00000280   0x000000fc   Code   RO          231  * .text               startup_tm4c123.o
    0x0000037c   0x0000037c   0x00000008   Code   RO          305    .text               mc_w.l(ctype_o.o)
    0x00000384   0x00000384   0x00000012   Code   RO          327    .text               mc_w.l(isspace_o.o)
    0x00000396   0x00000396   0x0000001c   Code   RO          622    .text               mc_w.l(calloc.o)
    0x000003b2   0x000003b2   0x00000070   Code   RO          624    .text               mc_w.l(strtol.o)
    0x00000422   0x00000422   0x00000026   Code   RO          626    .text               mf_w.l(f2d.o)
    0x00000448   0x00000448   0x00000038   Code   RO          628    .text               mf_w.l(d2f.o)
    0x00000480   0x00000480   0x0000002c   Code   RO          716    .text               mc_w.l(uidiv.o)
    0x000004ac   0x000004ac   0x00000062   Code   RO          718    .text               mc_w.l(uldiv.o)
    0x0000050e   0x0000050e   0x0000009e   Code   RO          733    .text               mc_w.l(_strtoul.o)
    0x000005ac   0x000005ac   0x00000008   Code   RO          735    .text               mc_w.l(strtof.o)
    0x000005b4   0x000005b4   0x00000000   Code   RO          737    .text               mc_w.l(iusefp.o)
    0x000005b4   0x000005b4   0x0000006e   Code   RO          738    .text               mf_w.l(fepilogue.o)
    0x00000622   0x00000622   0x0000014e   Code   RO          740    .text               mf_w.l(dadd.o)
    0x00000770   0x00000770   0x000000e4   Code   RO          742    .text               mf_w.l(dmul.o)
    0x00000854   0x00000854   0x000000de   Code   RO          744    .text               mf_w.l(ddiv.o)
    0x00000932   0x00000932   0x00000030   Code   RO          748    .text               mf_w.l(dfixul.o)
    0x00000962   0x00000962   0x00000002   PAD
    0x00000964   0x00000964   0x00000030   Code   RO          750    .text               mf_w.l(cdrcmple.o)
    0x00000994   0x00000994   0x00000004   Code   RO          752    .text               mf_w.l(fpstat.o)
    0x00000998   0x00000998   0x00000024   Code   RO          756    .text               mc_w.l(init.o)
    0x000009bc   0x000009bc   0x0000001e   Code   RO          758    .text               mc_w.l(llshl.o)
    0x000009da   0x000009da   0x00000020   Code   RO          760    .text               mc_w.l(llushr.o)
    0x000009fa   0x000009fa   0x00000024   Code   RO          762    .text               mc_w.l(llsshr.o)
    0x00000a1e   0x00000a1e   0x0000001c   Code   RO          764    .text               mc_w.l(_chval.o)
    0x00000a3a   0x00000a3a   0x00000002   PAD
    0x00000a3c   0x00000a3c   0x000000a8   Code   RO          766    .text               mc_w.l(strtod.o)
    0x00000ae4   0x00000ae4   0x000000ba   Code   RO          768    .text               mf_w.l(depilogue.o)
    0x00000b9e   0x00000b9e   0x00000022   Code   RO          770    .text               mf_w.l(dflti.o)
    0x00000bc0   0x00000bc0   0x0000001a   Code   RO          772    .text               mf_w.l(dfltui.o)
    0x00000bda   0x00000bda   0x0000003e   Code   RO          774    .text               mf_w.l(dfixi.o)
    0x00000c18   0x00000c18   0x00000030   Code   RO          776    .text               mf_w.l(cdcmple.o)
    0x00000c48   0x00000c48   0x00000360   Code   RO          780    .text               mc_w.l(scanf_fp.o)
    0x00000fa8   0x00000fa8   0x00000040   Code   RO          784    .text               mc_w.l(_sgetc.o)
    0x00000fe8   0x00000fe8   0x00000018   Code   RO          789    .text               mf_w.l(dfltul.o)
    0x00001000   0x00001000   0x00000056   Code   RO          799    .text               mc_w.l(__dczerorl2.o)
    0x00001056   0x00001056   0x00000002   PAD
    0x00001058   0x00001058   0x0000005a   Code   RO          194    .text.PLL_Init      pll.o
    0x000010b2   0x000010b2   0x00000002   PAD
    0x000010b4   0x000010b4   0x00000016   Code   RO          145    .text.SendDisplayByte  lcd.o
    0x000010ca   0x000010ca   0x00000002   PAD
    0x000010cc   0x000010cc   0x00000068   Code   RO          165    .text.SendDisplayNibble  lcd.o
    0x00001134   0x00001134   0x0000001a   Code   RO          196    .text.SysTick_Init  pll.o
    0x0000114e   0x0000114e   0x00000002   PAD
    0x00001150   0x00001150   0x0000006c   Code   RO          240    .text.SystemInit    system_tm4c123.o
    0x000011bc   0x000011bc   0x0000007a   Code   RO           15    .text.UART_Init     uart.o
    0x00001236   0x00001236   0x00000002   PAD
    0x00001238   0x00001238   0x0000006c   Code   RO           35    .text.calculatorInit  calculator.o
    0x000012a4   0x000012a4   0x000000b6   Code   RO           37    .text.calculatorRun  calculator.o
    0x0000135a   0x0000135a   0x00000002   PAD
    0x0000135c   0x0000135c   0x00000036   Code   RO          190    .text.delay_ms      pll.o
    0x00001392   0x00001392   0x00000002   PAD
    0x00001394   0x00001394   0x00000032   Code   RO          186    .text.delay_us      pll.o
    0x000013c6   0x000013c6   0x00000002   PAD
    0x000013c8   0x000013c8   0x00000046   Code   RO           81    .text.displayError  graphics.o
    0x0000140e   0x0000140e   0x00000002   PAD
    0x00001410   0x00001410   0x000000d4   Code   RO           79    .text.displayGoodbye  graphics.o
    0x000014e4   0x000014e4   0x00000288   Code   RO           91    .text.displayMenu   graphics.o
    0x0000176c   0x0000176c   0x0000004c   Code   RO           85    .text.displayNewPassword  graphics.o
    0x000017b8   0x000017b8   0x0000003c   Code   RO           77    .text.displayPassword  graphics.o
    0x000017f4   0x000017f4   0x0000004c   Code   RO           89    .text.displayPasswordError  graphics.o
    0x00001840   0x00001840   0x00000020   Code   RO           73    .text.displayShift  graphics.o
    0x00001860   0x00001860   0x00000052   Code   RO           83    .text.displaySuccess  graphics.o
    0x000018b2   0x000018b2   0x00000002   PAD
    0x000018b4   0x000018b4   0x00000454   Code   RO           93    .text.displayTrigSubMenu  graphics.o
    0x00001d08   0x00001d08   0x000000d4   Code   RO           75    .text.displayWelcome  graphics.o
    0x00001ddc   0x00001ddc   0x00000044   Code   RO           21    .text.fputc         uart.o
    0x00001e20   0x00001e20   0x000000a6   Code   RO          126    .text.keypadInit    keypad.o
    0x00001ec6   0x00001ec6   0x00000002   PAD
    0x00001ec8   0x00001ec8   0x000001e2   Code   RO          147    .text.lcdClearLast  lcd.o
    0x000020aa   0x000020aa   0x00000002   PAD
    0x000020ac   0x000020ac   0x000000b0   Code   RO          149    .text.lcdClearScreen  lcd.o
    0x0000215c   0x0000215c   0x000000b8   Code   RO          151    .text.lcdCursorControl  lcd.o
    0x00002214   0x00002214   0x000004cc   Code   RO          167    .text.lcdInit       lcd.o
    0x000026e0   0x000026e0   0x000000cc   Code   RO          143    .text.lcdNextLine   lcd.o
    0x000027ac   0x000027ac   0x000000d2   Code   RO          155    .text.lcdWriteAlphaCaps  lcd.o
    0x0000287e   0x0000287e   0x00000002   PAD
    0x00002880   0x00002880   0x000000d2   Code   RO          157    .text.lcdWriteAlphaSmall  lcd.o
    0x00002952   0x00002952   0x00000002   PAD
    0x00002954   0x00002954   0x00000628   Code   RO          153    .text.lcdWriteData  lcd.o
    0x00002f7c   0x00002f7c   0x000000b6   Code   RO          159    .text.lcdWriteNumeric  lcd.o
    0x00003032   0x00003032   0x00000002   PAD
    0x00003034   0x00003034   0x000001ae   Code   RO          161    .text.lcdWriteSymbol  lcd.o
    0x000031e2   0x000031e2   0x00000002   PAD
    0x000031e4   0x000031e4   0x00000050   Code   RO            4    .text.main          main.o
    0x00003234   0x00003234   0x000000dc   Code   RO           49    .text.parseDigit    calculator.o
    0x00003310   0x00003310   0x000002a4   Code   RO           41    .text.parseInput    calculator.o
    0x000035b4   0x000035b4   0x00000026   Code   RO          206    .text.passwordControlInit  password.o
    0x000035da   0x000035da   0x00000002   PAD
    0x000035dc   0x000035dc   0x00000178   Code   RO          218    .text.passwordReset  password.o
    0x00003754   0x00003754   0x00000058   Code   RO           53    .text.printOutput   calculator.o
    0x000037ac   0x000037ac   0x000001d8   Code   RO           39    .text.processInput  calculator.o
    0x00003984   0x00003984   0x0000006a   Code   RO          214    .text.promptPassword  password.o
    0x000039ee   0x000039ee   0x00000002   PAD
    0x000039f0   0x000039f0   0x00000150   Code   RO          122    .text.readKeypad    keypad.o
    0x00003b40   0x00003b40   0x00000066   Code   RO            2    .text.run           main.o
    0x00003ba6   0x00003ba6   0x00000002   PAD
    0x00003ba8   0x00003ba8   0x0000003e   Code   RO           55    .text.shutdown      calculator.o
    0x00003be6   0x00003be6   0x00000002   PAD
    0x00003be8   0x00003be8   0x000000f4   Code   RO           51    .text.tokenize      calculator.o
    0x00003cdc   0x00003cdc   0x0000013c   Code   RO           43    .text.trigRun       calculator.o
    0x00003e18   0x00003e18   0x000000d4   Code   RO          216    .text.verifyPassword  password.o
    0x00003eec   0x00003eec   0x00000020   Code   RO          566    i.__0printf         mc_w.l(printfa.o)
    0x00003f0c   0x00003f0c   0x00000028   Code   RO          568    i.__0sprintf        mc_w.l(printfa.o)
    0x00003f34   0x00003f34   0x00000030   Code   RO          663    i.__ARM_fpclassify  m_wm.l(fpclassify.o)
    0x00003f64   0x00003f64   0x00000026   Code   RO          665    i.__ARM_fpclassifyf  m_wm.l(fpclassifyf.o)
    0x00003f8a   0x00003f8a   0x00000002   PAD
    0x00003f8c   0x00003f8c   0x00000008   Code   RO          726    i.__aeabi_errno_addr  mc_w.l(errno.o)
    0x00003f94   0x00003f94   0x00000004   PAD
    0x00003f98   0x00003f98   0x000000c8   Code   RO          251    i.__hardfp_cos      m_wm.l(cos.o)
    0x00004060   0x00004060   0x00000198   Code   RO          257    i.__hardfp_cosh     m_wm.l(cosh.o)
    0x000041f8   0x000041f8   0x00000358   Code   RO          647    i.__hardfp_exp      m_wm.l(exp.o)
    0x00004550   0x00004550   0x00000664   Code   RO          264    i.__hardfp_powf     m_wm.l(powf.o)
    0x00004bb4   0x00004bb4   0x00000004   PAD
    0x00004bb8   0x00004bb8   0x000000c8   Code   RO          271    i.__hardfp_sin      m_wm.l(sin.o)
    0x00004c80   0x00004c80   0x000001f0   Code   RO          277    i.__hardfp_sinh     m_wm.l(sinh.o)
    0x00004e70   0x00004e70   0x00000020   Code   RO          284    i.__hardfp_strtof   m_wm.l(strtof.o)
    0x00004e90   0x00004e90   0x00000080   Code   RO          290    i.__hardfp_tan      m_wm.l(tan.o)
    0x00004f10   0x00004f10   0x00000160   Code   RO          296    i.__hardfp_tanh     m_wm.l(tanh.o)
    0x00005070   0x00005070   0x00000438   Code   RO          681    i.__ieee754_rem_pio2  m_wm.l(rred.o)
    0x000054a8   0x000054a8   0x00000170   Code   RO          630    i.__kernel_cos      m_wm.l(cos_i.o)
    0x00005618   0x00005618   0x000000f8   Code   RO          754    i.__kernel_poly     m_wm.l(poly.o)
    0x00005710   0x00005710   0x00000130   Code   RO          686    i.__kernel_sin      m_wm.l(sin_i.o)
    0x00005840   0x00005840   0x00000350   Code   RO          689    i.__kernel_tan      m_wm.l(tan_i.o)
    0x00005b90   0x00005b90   0x00000014   Code   RO          634    i.__mathlib_dbl_infnan  m_wm.l(dunder.o)
    0x00005ba4   0x00005ba4   0x00000004   PAD
    0x00005ba8   0x00005ba8   0x00000020   Code   RO          636    i.__mathlib_dbl_invalid  m_wm.l(dunder.o)
    0x00005bc8   0x00005bc8   0x00000020   Code   RO          637    i.__mathlib_dbl_overflow  m_wm.l(dunder.o)
    0x00005be8   0x00005be8   0x00000014   Code   RO          638    i.__mathlib_dbl_posinfnan  m_wm.l(dunder.o)
    0x00005bfc   0x00005bfc   0x00000004   PAD
    0x00005c00   0x00005c00   0x00000020   Code   RO          639    i.__mathlib_dbl_underflow  m_wm.l(dunder.o)
    0x00005c20   0x00005c20   0x000004f4   Code   RO          654    i.__mathlib_expm1   m_wm.l(expm1_i.o)
    0x00006114   0x00006114   0x00000014   Code   RO          667    i.__mathlib_flt_divzero  m_wm.l(funder.o)
    0x00006128   0x00006128   0x00000006   Code   RO          669    i.__mathlib_flt_infnan2  m_wm.l(funder.o)
    0x0000612e   0x0000612e   0x00000002   PAD
    0x00006130   0x00006130   0x00000010   Code   RO          670    i.__mathlib_flt_invalid  m_wm.l(funder.o)
    0x00006140   0x00006140   0x00000010   Code   RO          671    i.__mathlib_flt_overflow  m_wm.l(funder.o)
    0x00006150   0x00006150   0x00000010   Code   RO          673    i.__mathlib_flt_underflow  m_wm.l(funder.o)
    0x00006160   0x00006160   0x0000000e   Code   RO          793    i.__scatterload_copy  mc_w.l(handlers.o)
    0x0000616e   0x0000616e   0x00000002   Code   RO          794    i.__scatterload_null  mc_w.l(handlers.o)
    0x00006170   0x00006170   0x0000000e   Code   RO          795    i.__scatterload_zeroinit  mc_w.l(handlers.o)
    0x0000617e   0x0000617e   0x00000002   PAD
    0x00006180   0x00006180   0x0000000c   Code   RO          728    i.__set_errno       mc_w.l(errno.o)
    0x0000618c   0x0000618c   0x00000184   Code   RO          573    i._fp_digits        mc_w.l(printfa.o)
    0x00006310   0x00006310   0x0000000e   Code   RO          782    i._is_digit         mc_w.l(scanf_fp.o)
    0x0000631e   0x0000631e   0x00000002   PAD
    0x00006320   0x00006320   0x000006dc   Code   RO          574    i._printf_core      mc_w.l(printfa.o)
    0x000069fc   0x000069fc   0x00000024   Code   RO          575    i._printf_post_padding  mc_w.l(printfa.o)
    0x00006a20   0x00006a20   0x0000002e   Code   RO          576    i._printf_pre_padding  mc_w.l(printfa.o)
    0x00006a4e   0x00006a4e   0x0000000a   Code   RO          578    i._sputc            mc_w.l(printfa.o)
    0x00006a58   0x00006a58   0x00000010   Code   RO          649    i.exp               m_wm.l(exp.o)
    0x00006a68   0x00006a68   0x00000018   Code   RO          659    i.fabs              m_wm.l(fabs.o)
    0x00006a80   0x00006a80   0x00000050   Code   RO          594    i.free              mc_w.l(malloc.o)
    0x00006ad0   0x00006ad0   0x0000006c   Code   RO          595    i.malloc            mc_w.l(malloc.o)
    0x00006b3c   0x00006b3c   0x00000004   PAD
    0x00006b40   0x00006b40   0x00000008   Data   RO          260    .constdata          m_wm.l(cosh.o)
    0x00006b48   0x00006b48   0x00000140   Data   RO          267    .constdata          m_wm.l(powf.o)
    0x00006c88   0x00006c88   0x00000008   Data   RO          280    .constdata          m_wm.l(sinh.o)
    0x00006c90   0x00006c90   0x00000081   Data   RO          306    .constdata          mc_w.l(ctype_o.o)
    0x00006d11   0x00006d11   0x00000003   PAD
    0x00006d14   0x00006d14   0x00000004   Data   RO          307    .constdata          mc_w.l(ctype_o.o)
    0x00006d18   0x00006d18   0x00000030   Data   RO          631    .constdata          m_wm.l(cos_i.o)
    0x00006d48   0x00006d48   0x00000058   Data   RO          650    .constdata          m_wm.l(exp.o)
    0x00006da0   0x00006da0   0x00000028   Data   RO          655    .constdata          m_wm.l(expm1_i.o)
    0x00006dc8   0x00006dc8   0x000000cc   Data   RO          683    .constdata          m_wm.l(rred.o)
    0x00006e94   0x00006e94   0x00000004   PAD
    0x00006e98   0x00006e98   0x00000028   Data   RO          687    .constdata          m_wm.l(sin_i.o)
    0x00006ec0   0x00006ec0   0x00000060   Data   RO          690    .constdata          m_wm.l(tan_i.o)
    0x00006f20   0x00006f20   0x00000068   Data   RO          175    .rodata..Lswitch.table.lcdWriteAlphaCaps  lcd.o
    0x00006f88   0x00006f88   0x00000068   Data   RO          176    .rodata..Lswitch.table.lcdWriteAlphaSmall  lcd.o
    0x00006ff0   0x00006ff0   0x00000068   Data   RO          177    .rodata..Lswitch.table.lcdWriteAlphaSmall.2  lcd.o
    0x00007058   0x00007058   0x00000020   Data   RO          792    Region$$Table       anon$$obj.o


    Execution Region ER_RW (Exec base: 0x20000000, Load base: 0x00007078, Size: 0x00000140, Max: 0xffffffff, ABSOLUTE, COMPRESSED[0x000000b0])

    Exec Addr    Load Addr    Size         Type   Attr      Idx    E Section Name        Object

    0x20000000   COMPRESSED   0x00000004   Data   RW          706    .data               mc_w.l(stdout.o)
    0x20000004   COMPRESSED   0x00000004   Data   RW          724    .data               mc_w.l(mvars.o)
    0x20000008   COMPRESSED   0x00000004   Data   RW          725    .data               mc_w.l(mvars.o)
    0x2000000c   COMPRESSED   0x00000004   Data   RW          729    .data               mc_w.l(errno.o)
    0x20000010   COMPRESSED   0x00000011   Data   RW           97    .data.errorString   graphics.o
    0x20000021   COMPRESSED   0x00000011   Data   RW           96    .data.goodbyeString  graphics.o
    0x20000032   COMPRESSED   0x00000011   Data   RW          103    .data.menu1         graphics.o
    0x20000043   COMPRESSED   0x00000011   Data   RW          104    .data.menu2         graphics.o
    0x20000054   COMPRESSED   0x00000011   Data   RW          105    .data.menu3         graphics.o
    0x20000065   COMPRESSED   0x00000011   Data   RW          106    .data.menu4         graphics.o
    0x20000076   COMPRESSED   0x00000011   Data   RW          100    .data.passwordError  graphics.o
    0x20000087   COMPRESSED   0x00000011   Data   RW          101    .data.passwordNew   graphics.o
    0x20000098   COMPRESSED   0x00000008   Data   RW           99    .data.passwordString  graphics.o
    0x200000a0   COMPRESSED   0x00000011   Data   RW           98    .data.successString  graphics.o
    0x200000b1   COMPRESSED   0x00000007   Data   RW           57    .data.symbols       calculator.o
    0x200000b8   COMPRESSED   0x00000011   Data   RW          107    .data.trigmenu1     graphics.o
    0x200000c9   COMPRESSED   0x00000011   Data   RW          108    .data.trigmenu2     graphics.o
    0x200000da   COMPRESSED   0x00000011   Data   RW          109    .data.trigmenu3     graphics.o
    0x200000eb   COMPRESSED   0x00000011   Data   RW          110    .data.trigmenu4     graphics.o
    0x200000fc   COMPRESSED   0x00000011   Data   RW          111    .data.trigmenu5     graphics.o
    0x2000010d   COMPRESSED   0x00000011   Data   RW          112    .data.trigmenu6     graphics.o
    0x2000011e   COMPRESSED   0x00000011   Data   RW          113    .data.trigmenu7     graphics.o
    0x2000012f   COMPRESSED   0x00000011   Data   RW           95    .data.welcomeString  graphics.o


    Execution Region ER_ZI (Exec base: 0x20000140, Load base: 0x00007128, Size: 0x00001030, Max: 0xffffffff, ABSOLUTE)

    Exec Addr    Load Addr    Size         Type   Attr      Idx    E Section Name        Object

    0x20000140        -       0x00000002   Zero   RW          220    .bss.access_key     password.o
    0x20000142   0x00007128   0x00000002   PAD
    0x20000144        -       0x00000004   Zero   RW           59    .bss.cursor_position  calculator.o
    0x20000148        -       0x00000004   Zero   RW          173    .bss.lcd_line_toggle  lcd.o
    0x2000014c        -       0x00000004   Zero   RW           63    .bss.opcount        calculator.o
    0x20000150        -       0x00000004   Zero   RW           62    .bss.operators      calculator.o
    0x20000154        -       0x00000004   Zero   RW           64    .bss.output         calculator.o
    0x20000158        -       0x00000004   Zero   RW          174    .bss.shift_toggle   lcd.o
    0x2000015c        -       0x00000004   Zero   RW           58    .bss.string         calculator.o
    0x20000160        -       0x00000004   Zero   RW          132    .bss.this           keypad.o
    0x20000164        -       0x00000004   Zero   RW           61    .bss.valcount       calculator.o
    0x20000168        -       0x00000004   Zero   RW           60    .bss.values         calculator.o
    0x2000016c   0x00007128   0x00000004   PAD
    0x20000170        -       0x00000800   Zero   RW          229    HEAP                startup_tm4c123.o
    0x20000970        -       0x00000800   Zero   RW          228    STACK               startup_tm4c123.o


==============================================================================

Image component sizes


      Code (inc. data)   RO Data    RW Data    ZI Data      Debug   Object Name

      2368         94          0          7         28       5450   calculator.o
      2576         54          0        297          0       6773   graphics.o
       502          4          0          0          4       2017   keypad.o
      5008        168        312          0          8       7736   lcd.o
       182          8          0          0          0        858   main.o
       732         32          0          0          2       3919   password.o
       220          0          0          0          0       1581   pll.o
       252         10        620          0       4096       5476   startup_tm4c123.o
       108          0          0          0          0       6469   system_tm4c123.o
       190          0          0          0          0       1952   uart.o

    ----------------------------------------------------------------------
     12176        370        964        304       4144      42231   Object Totals
         0          0         32          0          0          0   (incl. Generated)
        38          0          0          0          6          0   (incl. Padding)

    ----------------------------------------------------------------------

      Code (inc. data)   RO Data    RW Data    ZI Data      Debug   Library Member Name

       200         20          0          0          0        164   cos.o
       368         46         48          0          0        200   cos_i.o
       408         50          8          0          0        224   cosh.o
       136         24          0          0          0        620   dunder.o
       872        142         88          0          0        412   exp.o
      1268        176         40          0          0        264   expm1_i.o
        24          0          0          0          0        124   fabs.o
        48          0          0          0          0        124   fpclassify.o
        38          0          0          0          0        116   fpclassifyf.o
        74         24          0          0          0        580   funder.o
       248          0          0          0          0        152   poly.o
      1636        110        320          0          0        372   powf.o
      1080        142        204          0          0        188   rred.o
       200         20          0          0          0        164   sin.o
       304         24         40          0          0        208   sin_i.o
       496         70          8          0          0        192   sinh.o
        32          6          0          0          0        124   strtof.o
       128         20          0          0          0        144   tan.o
       848         84         96          0          0        196   tan_i.o
       352         46          0          0          0        184   tanh.o
        86          0          0          0          0          0   __dczerorl2.o
        28          0          0          0          0         68   _chval.o
        64          0          0          0          0         84   _sgetc.o
       158          0          0          0          0         92   _strtoul.o
        28          0          0          0          0         76   calloc.o
         8          4        133          0          0         68   ctype_o.o
         0          0          0          0          0          0   entry.o
         0          0          0          0          0          0   entry10a.o
         0          0          0          0          0          0   entry11a.o
         8          4          0          0          0          0   entry2.o
         4          0          0          0          0          0   entry5.o
         0          0          0          0          0          0   entry7b.o
         0          0          0          0          0          0   entry8b.o
         8          4          0          0          0          0   entry9a.o
        20         10          0          4          0        136   errno.o
        30          0          0          0          0          0   handlers.o
        36          8          0          0          0         68   init.o
        18          0          0          0          0         76   isspace_o.o
         0          0          0          0          0          0   iusefp.o
        30          0          0          0          0         68   llshl.o
        36          0          0          0          0         68   llsshr.o
        32          0          0          0          0         68   llushr.o
       188         20          0          0          0        160   malloc.o
         0          0          0          8          0          0   mvars.o
      2308         96          0          0          0        604   printfa.o
       878         12          0          0          0        216   scanf_fp.o
         0          0          0          4          0          0   stdout.o
       168         12          0          0          0        124   strtod.o
         8          0          0          0          0         68   strtof.o
       112          0          0          0          0         88   strtol.o
        44          0          0          0          0         80   uidiv.o
        98          0          0          0          0         92   uldiv.o
        48          0          0          0          0         68   cdcmple.o
        48          0          0          0          0         68   cdrcmple.o
        56          0          0          0          0         88   d2f.o
       334          0          0          0          0        148   dadd.o
       222          0          0          0          0        100   ddiv.o
       186          0          0          0          0        176   depilogue.o
        62          0          0          0          0         80   dfixi.o
        48          0          0          0          0         68   dfixul.o
        34          0          0          0          0         76   dflti.o
        26          0          0          0          0         76   dfltui.o
        24          0          0          0          0         76   dfltul.o
       228          0          0          0          0         96   dmul.o
        38          0          0          0          0         68   f2d.o
       110          0          0          0          0        168   fepilogue.o
         4          0          0          0          0         68   fpstat.o

    ----------------------------------------------------------------------
     14660       1186        992         16          0       8480   Library Totals
        34         12          7          0          0          0   (incl. Padding)

    ----------------------------------------------------------------------

      Code (inc. data)   RO Data    RW Data    ZI Data      Debug   Library Name

      8760       1004        852          0          0       4752   m_wm.l
      4398        170        133         16          0       2304   mc_w.l
      1468          0          0          0          0       1424   mf_w.l

    ----------------------------------------------------------------------
     14660       1186        992         16          0       8480   Library Totals

    ----------------------------------------------------------------------

==============================================================================


      Code (inc. data)   RO Data    RW Data    ZI Data      Debug   

     26836       1556       1956        320       4144      46007   Grand Totals
     26836       1556       1956        176       4144      46007   ELF Image Totals (compressed)
     26836       1556       1956        176          0          0   ROM Totals

==============================================================================

    Total RO  Size (Code + RO Data)                28792 (  28.12kB)
    Total RW  Size (RW Data + ZI Data)              4464 (   4.36kB)
    Total ROM Size (Code + RO Data + RW Data)      28968 (  28.29kB)

==============================================================================

